// Vitest Snapshot v1, https://vitest.dev/guide/snapshot.html

exports[`Memo > memo snapshot 1`] = `
<div
  className="memo-wrapper memos-123 "
>
  <div
    className="memo-top-wrapper"
  >
    <div
      className="status-text-container"
    >
      <a
        className="time-text"
        href="/m/123"
        onClick={[Function]}
      >
        1970/01/01 08:00:00
      </a>
      <a
        className="name-text"
        href="/u/1234"
        onClick={[Function]}
      >
        @
        test
      </a>
    </div>
  </div>
  <div
    className="memo-content-wrapper "
  >
    <div
      className="memo-content-text "
      onClick={[Function]}
      onDoubleClick={[Function]}
    >
      <p>
        Hello!
      </p>
    </div>
  </div>
  <div
    className="resource-wrapper "
  />
</div>
`;
