// Vitest Snapshot v1, https://vitest.dev/guide/snapshot.html

exports[`ResourceItem snapshot > render ResourceCover 1`] = `
<svg
  className="resource-cover"
  fill="none"
  height={24}
  stroke="currentColor"
  strokeLinecap="round"
  strokeLinejoin="round"
  strokeWidth={2}
  viewBox="0 0 24 24"
  width={24}
  xmlns="http://www.w3.org/2000/svg"
>
  <path
    d="M14.5 2H6a2 2 0 0 0-2 2v16a2 2 0 0 0 2 2h12a2 2 0 0 0 2-2V7.5L14.5 2z"
  />
  <polyline
    points="14 2 14 8 20 8"
  />
</svg>
`;
